[
  {
    "version": "20250101",
    "releaseDate": null
  }
]