[
  {
    "agentID": 3008416,
    "divisionID": 20,
    "corporationID": 1000035,
    "locationID": 60003760,
    "level": 4,
    "quality": 20,
    "agentTypeID": 2,
    "isLocator": 0
  },
  {
    "agentID": 3008417,
    "divisionID": 20,
    "corporationID": 1000084,
    "locationID": 60008494,
    "level": 4,
    "quality": 0,
    "agentTypeID": 2,
    "isLocator": 0
  },
  {
    "agentID": 3008418,
    "divisionID": 20,
    "corporationID": 1000051,
    "locationID": 60004588,
    "level": 3,
    "quality": -20,
    "agentTypeID": 2,
    "isLocator": 1
  }
]