[
  {
    "typeID": 587,
    "masteryLevel": 0,
    "certificateID": null
  },
  {
    "typeID": 587,
    "masteryLevel": 1,
    "certificateID": null
  },
  {
    "typeID": 588,
    "masteryLevel": 0,
    "certificateID": null
  }
]