[
  {
    "characterID": 3004,
    "corporationID": 1000084,
    "name": null
  },
  {
    "characterID": 3005,
    "corporationID": 1000035,
    "name": null
  },
  {
    "characterID": 3006,
    "corporationID": 1000051,
    "name": null
  }
]