[
  {
    "collectionID": 100
  },
  {
    "collectionID": 101
  },
  {
    "collectionID": 102
  }
]