[
  {
    "typeID": 34,
    "attributeID": 4,
    "valueInt": null,
    "valueFloat": 0
  },
  {
    "typeID": 34,
    "attributeID": 37,
    "valueInt": null,
    "valueFloat": 0
  },
  {
    "typeID": 35,
    "attributeID": 4,
    "valueInt": null,
    "valueFloat": 0
  }
]