[
  {
    "typeID": 34,
    "attributeID": 4
  },
  {
    "typeID": 35,
    "attributeID": 4
  },
  {
    "typeID": 36,
    "attributeID": 37
  }
]