[
  {
    "groupID": 18,
    "categoryID": 4,
    "groupName": "Mineral",
    "iconID": 22,
    "useBasePrice": 1,
    "anchored": 0,
    "anchorable": 0,
    "fittableNonSingleton": 0,
    "published": 1
  },
  {
    "groupID": 25,
    "categoryID": 6,
    "groupName": "Frigate",
    "iconID": null,
    "useBasePrice": 1,
    "anchored": 0,
    "anchorable": 0,
    "fittableNonSingleton": 0,
    "published": 1
  },
  {
    "groupID": 26,
    "categoryID": 6,
    "groupName": "Cruiser",
    "iconID": null,
    "useBasePrice": 1,
    "anchored": 0,
    "anchorable": 0,
    "fittableNonSingleton": 0,
    "published": 1
  }
]