[
  {
    "metaGroupID": 1,
    "metaGroupName": "Tech I",
    "iconID": null,
    "description": "Standard tech level items."
  },
  {
    "metaGroupID": 2,
    "metaGroupName": "Tech II",
    "iconID": null,
    "description": "Advanced tech level items."
  },
  {
    "metaGroupID": 14,
    "metaGroupName": "Tech III",
    "iconID": null,
    "description": "Strategic cruisers and subsystems."
  }
]