[
  {
    "asteroidBeltID": 40000201,
    "solarSystemID": 30000001,
    "typeID": 15,
    "x": 150000000000,
    "y": 1000000000,
    "z": 0
  },
  {
    "asteroidBeltID": 40000202,
    "solarSystemID": 30000142,
    "typeID": 15,
    "x": 200000000000,
    "y": 10000000000,
    "z": -50000000000
  },
  {
    "asteroidBeltID": 40000203,
    "solarSystemID": 30000003,
    "typeID": 15,
    "x": -300000000000,
    "y": 200000000000,
    "z": 100000000000
  }
]