[
  {
    "planetID": 40000001,
    "planetName": "Tanoo I",
    "solarSystemID": 30000001,
    "typeID": 2016,
    "x": 150000000000,
    "y": 0,
    "z": 0
  },
  {
    "planetID": 40000002,
    "planetName": "Jita IV",
    "solarSystemID": 30000142,
    "typeID": 2016,
    "x": 200000000000,
    "y": 10000000000,
    "z": -50000000000
  },
  {
    "planetID": 40000003,
    "planetName": "H-PA29 III",
    "solarSystemID": 30000003,
    "typeID": 2063,
    "x": -300000000000,
    "y": 200000000000,
    "z": 100000000000
  }
]