[
  {
    "regionID": 10000001,
    "regionName": "Derelik",
    "x": 45000000000000000,
    "y": 20000000000000000,
    "z": -180000000000000000,
    "factionID": null
  },
  {
    "regionID": 10000002,
    "regionName": "The Forge",
    "x": 120000000000000000,
    "y": 50000000000000000,
    "z": -30000000000000000,
    "factionID": 500001
  },
  {
    "regionID": 10000003,
    "regionName": "Vale of the Silent",
    "x": -80000000000000000,
    "y": 150000000000000000,
    "z": 50000000000000000,
    "factionID": null
  }
]