[
  {
    "planetTypeID": 2016,
    "resourceTypeID": 0
  },
  {
    "planetTypeID": 2016,
    "resourceTypeID": 0
  },
  {
    "planetTypeID": 2063,
    "resourceTypeID": 0
  }
]