[
  {
    "schematicID": 65,
    "cycleTime": 1800
  },
  {
    "schematicID": 66,
    "cycleTime": 1800
  },
  {
    "schematicID": 67,
    "cycleTime": 1800
  }
]