[
  {
    "skinMaterialID": 123,
    "displayNameID": null,
    "materialSetID": 1234
  },
  {
    "skinMaterialID": 124,
    "displayNameID": null,
    "materialSetID": 1235
  },
  {
    "skinMaterialID": 125,
    "displayNameID": null,
    "materialSetID": 1236
  }
]