[
  {
    "upgradeID": 1,
    "typeID": null,
    "level": null
  },
  {
    "upgradeID": 2,
    "typeID": null,
    "level": null
  },
  {
    "upgradeID": 3,
    "typeID": null,
    "level": null
  }
]