[
  {
    "stationID": 60003760,
    "security": null,
    "dockingCostPerVolume": 0,
    "maxShipVolumeDockable": 50000000,
    "officeRentalCost": 879488,
    "operationID": null,
    "stationTypeID": 1529,
    "corporationID": 1000035,
    "solarSystemID": 30000142,
    "constellationID": null,
    "regionID": null,
    "stationName": "Jita IV - Moon 4 - Caldari Navy Assembly Plant",
    "x": 200000000000,
    "y": 10000000000,
    "z": -50000000000,
    "reprocessingEfficiency": 0.5,
    "reprocessingStationsTake": 0.05,
    "reprocessingHangarFlag": 4
  },
  {
    "stationID": 60008494,
    "security": null,
    "dockingCostPerVolume": 0,
    "maxShipVolumeDockable": 50000000,
    "officeRentalCost": 723634,
    "operationID": null,
    "stationTypeID": 1932,
    "corporationID": 1000084,
    "solarSystemID": 30002187,
    "constellationID": null,
    "regionID": null,
    "stationName": "Amarr VIII (Oris) - Emperor Family Academy",
    "x": 150000000000,
    "y": 20000000000,
    "z": 100000000000,
    "reprocessingEfficiency": 0.5,
    "reprocessingStationsTake": 0.05,
    "reprocessingHangarFlag": 4
  },
  {
    "stationID": 60004588,
    "security": null,
    "dockingCostPerVolume": 0,
    "maxShipVolumeDockable": 50000000,
    "officeRentalCost": 654321,
    "operationID": null,
    "stationTypeID": 1529,
    "corporationID": 1000051,
    "solarSystemID": 30002510,
    "constellationID": null,
    "regionID": null,
    "stationName": "Rens VI - Moon 8 - Brutor Tribe Treasury",
    "x": -100000000000,
    "y": 30000000000,
    "z": -200000000000,
    "reprocessingEfficiency": 0.5,
    "reprocessingStationsTake": 0.05,
    "reprocessingHangarFlag": 4
  }
]