[
  {
    "serviceID": 1,
    "serviceName": "Bounty Missions",
    "description": "Security mission services"
  },
  {
    "serviceID": 4,
    "serviceName": "Repairs",
    "description": "Ship repair and maintenance"
  },
  {
    "serviceID": 16,
    "serviceName": "Market",
    "description": "Market trading services"
  }
]