[
  {
    "typeID": 587,
    "bonusID": 1,
    "bonusValue": 5,
    "bonusText": null,
    "importance": 1,
    "unitID": null
  },
  {
    "typeID": 588,
    "bonusID": 2,
    "bonusValue": 10,
    "bonusText": null,
    "importance": 2,
    "unitID": 1
  },
  {
    "typeID": 606,
    "bonusID": 3,
    "bonusValue": 7.5,
    "bonusText": null,
    "importance": 1,
    "unitID": null
  }
]