[
  {
    "typeID": 34
  },
  {
    "typeID": 35
  },
  {
    "typeID": 36
  }
]